------------------------------------------------------------
Timing Analyzer Summary
------------------------------------------------------------

Type  : Slow 1100mV 85C Model Setup 'clk'
Slack : 0.032
TNS   : 0.000

Type  : Slow 1100mV 85C Model Hold 'clk'
Slack : 0.294
TNS   : 0.000

Type  : Slow 1100mV 85C Model Minimum Pulse Width 'clk'
Slack : -0.724
TNS   : -10.014

Type  : Slow 1100mV 0C Model Setup 'clk'
Slack : 0.042
TNS   : 0.000

Type  : Slow 1100mV 0C Model Hold 'clk'
Slack : 0.279
TNS   : 0.000

Type  : Slow 1100mV 0C Model Minimum Pulse Width 'clk'
Slack : -0.724
TNS   : -9.999

Type  : Fast 1100mV 85C Model Setup 'clk'
Slack : 0.565
TNS   : 0.000

Type  : Fast 1100mV 85C Model Hold 'clk'
Slack : 0.129
TNS   : 0.000

Type  : Fast 1100mV 85C Model Minimum Pulse Width 'clk'
Slack : -0.091
TNS   : -0.803

Type  : Fast 1100mV 0C Model Setup 'clk'
Slack : 0.587
TNS   : 0.000

Type  : Fast 1100mV 0C Model Hold 'clk'
Slack : 0.116
TNS   : 0.000

Type  : Fast 1100mV 0C Model Minimum Pulse Width 'clk'
Slack : -0.088
TNS   : -0.777

------------------------------------------------------------
